// Jest Snapshot v1, https://goo.gl/fbAQLP

exports[`installation 1`] = `
"<root>
| bin
| | minimal
| etc
| lib
| | node_modules
| | | minimal
| | | | .bin
| | | | | minimal
| | | | package.json
| | | | postinstall.sh
| | | | prerelease.sh
| | | | records
| | | | | recordedClientBuildStorePath.txt
| | | | | recordedClientInstallStorePath.txt
| | | | | recordedCoppiedArtifacts.txt
| | | | | recordedServerBuildStorePath.txt
| | | | rel
| | | | | 3.x.x______________________________
| | | | | | i
| | | | | | | minimal-0.1.0
| | | | | | | | bin
| | | | | | | | doc
| | | | | | | | etc
| | | | | | | | lib
| | | | | | | | man
| | | | | | | | sbin
| | | | | | | | share
| | | | | node_modules
| | | | | | .cache
| | | | | | | _esy
| | | | | | | | build-eject
| | | | | | | | | bin
| | | | | | | | | | fastreplacestring.cpp
| | | | | | | | | | fastreplacestring.exe
| | | | | | | | | | realpath
| | | | | | | | | | realpath.c
| | | | | | | | | | render-env
| | | | | | | | | | runtime.sh
| | | | | | | | | command-env
| | | | | | | | | command-env.in
| | | | | | | | | eject-env
| | | | | | | | | final-install-path-set.txt
| | | | | | | | | final-install-path-set.txt.in
| | | | | | | | | Makefile
| | | | | | | | | sandbox.sb.in
| | | | | | | | store
| | | | | | | | | b
| | | | | | | | | i
| | | | | | | | | s
| | | | | package.json
| | | | | test.js
| | | | | yarn.lock"
`;

exports[`installation stdout 1`] = `
"/tmp/TMPDIR/npm/bin/minimal -> /tmp/TMPDIR/npm/lib/node_modules/minimal/.bin/minimal

> minimal@0.1.0 postinstall /tmp/TMPDIR/npm/lib/node_modules/minimal
> ./postinstall.sh

*** Unpacking the release...
*** Building the release...
*** Decompressing artefacts...
*** Relocating artefacts to the final destination...
+ minimal@0.1.0
added 1 package in X.XXXs"
`;

exports[`release 1`] = `
"<root>
| pack
| | .bin
| | | minimal
| | package.json
| | postinstall.sh
| | prerelease.sh
| | rel.tar.gz"
`;

exports[`release stdout 1`] = `
"*** Creating pack-type release for minimal...
*** Installing esy for the release...
*** Installing dependencies...
*** Packing the release..."
`;
